********************************** Processed Files Part *******************************
+−−−−−−−−−−−−−−−−−−−−−−−−−−−−−−−−−−−−−−−−−−−−−−−−−−−−−−−−−+
| File     | From archive | Symbol causing the extraction |
|=========================================================|
| cstart.o | libc.a       | _START                        |
| hello.o  |              |                               |
| printf.o | libc.a       | printf                        |
+−−−−−−−−−−−−−−−−−−−−−−−−−−−−−−−−−−−−−−−−−−−−−−−−−−−−−−−−−+

**************************************** Link Part ************************************
+−−−−−−−−−−−−−−−−−−−−−−−−−−−−−−−−−−−−−−−−−−−−−−−−−−−−−−−−−−−−−−−−−−−−−−−−−−−−−+
| [in] File | [in] Section     | [in] Size  | [out] Offset | [out] Section    |
|=============================================================================|
| hello.o   | .text.hello.main | 0x00000014 | 0x00000000   | .text.hello.main |
|−−−−−−−−−−−−−−−−−−−−−−−−−−−−−−−−−−−−−−−−−−−−−−−−−−−−−−−−−−−−−−−−−−−−−−−−−−−−−|
| cstart.o  | .text.libc       | 0x00000202 | 0x00000000   | .text.libc       |
| strcpy.o  | .text.libc       | 0x00000024 | 0x00000204   |                  |
| printf.o  | .text.libc       | 0x0000002c | 0x00000800   |                  |
|−−−−−−−−−−−−−−−−−−−−−−−−−−−−−−−−−−−−−−−−−−−−−−−−−−−−−−−−−−−−−−−−−−−−−−−−−−−−−|
| cstart.o  | .text.libc.reset | 0x00000008 | 0x00000000   | .text.libc.reset |
+−−−−−−−−−−−−−−−−−−−−−−−−−−−−−−−−−−−−−−−−−−−−−−−−−−−−−−−−−−−−−−−−−−−−−−−−−−−−−+

********************************* Module Local Symbols Part ***************************

* Symbol translation (sorted on name)
======================================

+ Scope "./hello.o"
+−−−−−−−−−−−−−−−−−−−−−−−−−−−−−−−−−−−−−−−−−−−−−−−+
| Name             | Address    | Space         |
|===============================================|
| hello.src        | 0x00000000 | −             |
| .rodata.hello    | 0xa00000e0 | spe:tc:linear |
| .text.hello.main | 0xa00000f8 |               |
| .zdata.hello     | 0xd0000000 | spe:tc:abs18  |
| .zrodata.hello   | 0xa0000008 |               |
+−−−−−−−−−−−−−−−−−−−−−−−−−−−−−−−−−−−−−−−−−−−−−−−+
